============================================================
🚀 NSE TRADING BOT — DAILY RUN (2026-08-10 17:30:02)
============================================================

1️⃣ Scraping EOD market prices from MyStocks...
🕵️ Starting MyStocks scraper for 31 tickers...
  -> Fetching SCOM...
  -> Fetching EQTY...
  -> Fetching KCB...
  -> Fetching KPLC...
  -> Fetching EABL...
  -> Fetching NCBA...
  -> Fetching COOP...
  -> Fetching BAT...
  -> Fetching ABSA...
  -> Fetching SBIC...
  -> Fetching IMH...
  -> Fetching DTK...
  -> Fetching HFCK...
  -> Fetching BOC...
  -> Fetching CARB...
  -> Fetching CGEN...
  -> Fetching SGL...
  -> Fetching KEGN...
  -> Fetching TOTL...
  -> Fetching UMME...
  -> Fetching CTUM...
  -> Fetching TCL...
  -> Fetching NSE...
  -> Fetching WTK...
  -> Fetching KAPC...
  -> Fetching SASN...
  -> Fetching EGAD...
  -> Fetching LKL...
  -> Fetching NBV...
  -> Fetching NMG...
  -> Fetching SCAN...

2️⃣ Loading and harmonizing historical dataset...

3️⃣ Computing technical indicators (50-EMA, 200-EMA, VMA, ATR)...
  -> 💾 Saved clean enriched history (27601 total rows).

4️⃣ Evaluating trading strategy signals...

============================================================
📊 DAILY SIGNAL REPORT
============================================================
😴 No Golden Cross buy signals triggered today.
============================================================

5️⃣ Dispatching personalized email notifications...
  -> Generating custom report for reuel (reuelgachuki32@gmail.com)...
📧 Connecting to SMTP... Sending to reuelgachuki32@gmail.com
✅ Report dispatched successfully to: reuelgachuki32@gmail.com
  -> ⚠️ No email found in Django DB for user 'Reuel'. Skipping.
============================================================
🚀 NSE TRADING BOT — DAILY RUN (2026-08-13 17:30:02)
============================================================

1️⃣ Scraping EOD market prices from MyStocks...
🕵️ Starting MyStocks scraper for 31 tickers...
  -> Fetching SCOM...
  -> Fetching EQTY...
  -> Fetching KCB...
  -> Fetching KPLC...
  -> Fetching EABL...
  -> Fetching NCBA...
  -> Fetching COOP...
  -> Fetching BAT...
  -> Fetching ABSA...
  -> Fetching SBIC...
  -> Fetching IMH...
  -> Fetching DTK...
  -> Fetching HFCK...
  -> Fetching BOC...
  -> Fetching CARB...
  -> Fetching CGEN...
  -> Fetching SGL...
  -> Fetching KEGN...
  -> Fetching TOTL...
  -> Fetching UMME...
  -> Fetching CTUM...
  -> Fetching TCL...
  -> Fetching NSE...
  -> Fetching WTK...
  -> Fetching KAPC...
  -> Fetching SASN...
  -> Fetching EGAD...
  -> Fetching LKL...
  -> Fetching NBV...
  -> Fetching NMG...
  -> Fetching SCAN...

2️⃣ Loading and harmonizing historical dataset...

3️⃣ Computing technical indicators (50-EMA, 200-EMA, VMA, ATR)...
  -> 💾 Saved clean enriched history (27632 total rows).

4️⃣ Evaluating trading strategy signals...

============================================================
📊 DAILY SIGNAL REPORT
============================================================
😴 No Golden Cross buy signals triggered today.
============================================================

5️⃣ Dispatching personalized email notifications...
  -> Generating custom report for reuel (reuelgachuki32@gmail.com)...
📧 Connecting to SMTP... Sending to reuelgachuki32@gmail.com
✅ Report dispatched successfully to: reuelgachuki32@gmail.com
  -> ⚠️ No email found in Django DB for user 'Reuel'. Skipping.
============================================================
🚀 NSE TRADING BOT — DAILY RUN (2026-08-17 17:30:02)
============================================================

1️⃣ Scraping EOD market prices from MyStocks...
🕵️ Starting MyStocks scraper for 31 tickers...
  -> Fetching SCOM...
  -> Fetching EQTY...
  -> Fetching KCB...
  -> Fetching KPLC...
  -> Fetching EABL...
  -> Fetching NCBA...
  -> Fetching COOP...
  -> Fetching BAT...
  -> Fetching ABSA...
  -> Fetching SBIC...
  -> Fetching IMH...
  -> Fetching DTK...
  -> Fetching HFCK...
  -> Fetching BOC...
  -> Fetching CARB...
  -> Fetching CGEN...
  -> Fetching SGL...
  -> Fetching KEGN...
  -> Fetching TOTL...
  -> Fetching UMME...
  -> Fetching CTUM...
  -> Fetching TCL...
  -> Fetching NSE...
  -> Fetching WTK...
  -> Fetching KAPC...
  -> Fetching SASN...
  -> Fetching EGAD...
  -> Fetching LKL...
  -> Fetching NBV...
  -> Fetching NMG...
  -> Fetching SCAN...

2️⃣ Loading and harmonizing historical dataset...

3️⃣ Computing technical indicators (50-EMA, 200-EMA, VMA, ATR)...
  -> 💾 Saved clean enriched history (27663 total rows).

4️⃣ Evaluating trading strategy signals...

============================================================
📊 DAILY SIGNAL REPORT
============================================================
😴 No Golden Cross buy signals triggered today.
============================================================

5️⃣ Dispatching personalized email notifications...
  -> Generating custom report for reuel (reuelgachuki32@gmail.com)...
📧 Connecting to SMTP... Sending to reuelgachuki32@gmail.com
✅ Report dispatched successfully to: reuelgachuki32@gmail.com
  -> ⚠️ No email found in Django DB for user 'Reuel'. Skipping.
============================================================
🚀 NSE TRADING BOT — DAILY RUN (2026-08-18 17:30:02)
============================================================

1️⃣ Scraping EOD market prices from MyStocks...
🕵️ Starting MyStocks scraper for 31 tickers...
  -> Fetching SCOM...
  -> Fetching EQTY...
  -> Fetching KCB...
  -> Fetching KPLC...
  -> Fetching EABL...
  -> Fetching NCBA...
  -> Fetching COOP...
  -> Fetching BAT...
  -> Fetching ABSA...
  -> Fetching SBIC...
  -> Fetching IMH...
  -> Fetching DTK...
  -> Fetching HFCK...
  -> Fetching BOC...
  -> Fetching CARB...
  -> Fetching CGEN...
  -> Fetching SGL...
  -> Fetching KEGN...
  -> Fetching TOTL...
  -> Fetching UMME...
  -> Fetching CTUM...
  -> Fetching TCL...
  -> Fetching NSE...
  -> Fetching WTK...
  -> Fetching KAPC...
  -> Fetching SASN...
  -> Fetching EGAD...
  -> Fetching LKL...
  -> Fetching NBV...
  -> Fetching NMG...
  -> Fetching SCAN...

2️⃣ Loading and harmonizing historical dataset...

3️⃣ Computing technical indicators (50-EMA, 200-EMA, VMA, ATR)...
  -> 💾 Saved clean enriched history (27694 total rows).

4️⃣ Evaluating trading strategy signals...

============================================================
📊 DAILY SIGNAL REPORT
============================================================
😴 No Golden Cross buy signals triggered today.
============================================================

5️⃣ Dispatching personalized email notifications...
  -> Generating custom report for reuel (reuelgachuki32@gmail.com)...
📧 Connecting to SMTP... Sending to reuelgachuki32@gmail.com
✅ Report dispatched successfully to: reuelgachuki32@gmail.com
  -> ⚠️ No email found in Django DB for user 'Reuel'. Skipping.
============================================================
🚀 NSE TRADING BOT — DAILY RUN (2026-08-19 15:50:02)
============================================================

1️⃣ Scraping EOD market prices from MyStocks...
🕵️ Starting MyStocks scraper for 31 tickers...
  -> Fetching SCOM...
  -> Fetching EQTY...
  -> Fetching KCB...
  -> Fetching KPLC...
  -> Fetching EABL...
  -> Fetching NCBA...
  -> Fetching COOP...
  -> Fetching BAT...
  -> Fetching ABSA...
  -> Fetching SBIC...
  -> Fetching IMH...
  -> Fetching DTK...
  -> Fetching HFCK...
  -> Fetching BOC...
  -> Fetching CARB...
  -> Fetching CGEN...
  -> Fetching SGL...
  -> Fetching KEGN...
  -> Fetching TOTL...
  -> Fetching UMME...
  -> Fetching CTUM...
  -> Fetching TCL...
  -> Fetching NSE...
  -> Fetching WTK...
  -> Fetching KAPC...
  -> Fetching SASN...
  -> Fetching EGAD...
  -> Fetching LKL...
  -> Fetching NBV...
  -> Fetching NMG...
  -> Fetching SCAN...

2️⃣ Loading and harmonizing historical dataset...

3️⃣ Computing technical indicators (50-EMA, 200-EMA, VMA, ATR, RSI)...
  -> 💾 Saved clean enriched history (27725 total rows).

4️⃣ Evaluating trading strategy signals...

🔍 Scanning market for Short-Term RSI Swing Opportunities...

5️⃣ Dispatching personalized email notifications...
  -> Generating custom report for reuel (reuelgachuki32@gmail.com)...
  -> ⚠️ No email found in Django DB for user 'Reuel'. Skipping.
🔒 Daily email lock engaged. Bot will rest until tomorrow.
============================================================
🚀 NSE TRADING BOT — DAILY RUN (2026-08-19 16:50:02)
============================================================
⏩ Market update already dispatched today (2026-08-19).
   Cron triggered, but skipping execution to prevent duplicate emails.
============================================================
🚀 NSE TRADING BOT — DAILY RUN (2026-08-19 17:50:02)
============================================================
⏩ Market update already dispatched today (2026-08-19).
   Cron triggered, but skipping execution to prevent duplicate emails.
============================================================
🚀 NSE TRADING BOT — DAILY RUN (2026-08-19 18:50:01)
============================================================
⏩ Market update already dispatched today (2026-08-19).
   Cron triggered, but skipping execution to prevent duplicate emails.
============================================================
🚀 NSE TRADING BOT — DAILY RUN (2026-08-19 19:50:01)
============================================================
⏩ Market update already dispatched today (2026-08-19).
   Cron triggered, but skipping execution to prevent duplicate emails.
============================================================
🚀 NSE TRADING BOT — DAILY RUN (2026-08-19 21:50:02)
============================================================
⏩ Market update already dispatched today (2026-08-19).
   Cron triggered, but skipping execution to prevent duplicate emails.
============================================================
🚀 NSE TRADING BOT — DAILY RUN (2026-08-20 15:50:02)
============================================================

1️⃣ Scraping EOD market prices from MyStocks...
🕵️ Starting MyStocks scraper for 31 tickers...
  -> Fetching SCOM...
  -> Fetching EQTY...
  -> Fetching KCB...
  -> Fetching KPLC...
  -> Fetching EABL...
  -> Fetching NCBA...
  -> Fetching COOP...
  -> Fetching BAT...
  -> Fetching ABSA...
  -> Fetching SBIC...
  -> Fetching IMH...
  -> Fetching DTK...
  -> Fetching HFCK...
  -> Fetching BOC...
  -> Fetching CARB...
  -> Fetching CGEN...
  -> Fetching SGL...
  -> Fetching KEGN...
  -> Fetching TOTL...
  -> Fetching UMME...
  -> Fetching CTUM...
  -> Fetching TCL...
  -> Fetching NSE...
  -> Fetching WTK...
  -> Fetching KAPC...
  -> Fetching SASN...
  -> Fetching EGAD...
  -> Fetching LKL...
  -> Fetching NBV...
  -> Fetching NMG...
  -> Fetching SCAN...

2️⃣ Loading and harmonizing historical dataset...

3️⃣ Computing technical indicators (50-EMA, 200-EMA, VMA, ATR, RSI)...
  -> 💾 Saved clean enriched history (27756 total rows).

4️⃣ Evaluating trading strategy signals...

🔍 Scanning market for Short-Term RSI Swing Opportunities...

5️⃣ Dispatching personalized email notifications...
  -> Generating custom report for reuel (reuelgachuki32@gmail.com)...
  -> ⚠️ No email found in Django DB for user 'Reuel'. Skipping.
🔒 Daily email lock engaged. Bot will rest until tomorrow.
============================================================
🚀 NSE TRADING BOT — DAILY RUN (2026-08-20 16:50:01)
============================================================
⏩ Market update already dispatched today (2026-08-20).
   Cron triggered, but skipping execution to prevent duplicate emails.
============================================================
🚀 NSE TRADING BOT — DAILY RUN (2026-08-20 17:50:02)
============================================================
⏩ Market update already dispatched today (2026-08-20).
   Cron triggered, but skipping execution to prevent duplicate emails.
============================================================
🚀 NSE TRADING BOT — DAILY RUN (2026-08-20 18:50:02)
============================================================
⏩ Market update already dispatched today (2026-08-20).
   Cron triggered, but skipping execution to prevent duplicate emails.
============================================================
🚀 NSE TRADING BOT — DAILY RUN (2026-08-20 19:50:02)
============================================================
⏩ Market update already dispatched today (2026-08-20).
   Cron triggered, but skipping execution to prevent duplicate emails.
============================================================
🚀 NSE TRADING BOT — DAILY RUN (2026-08-20 21:50:45)
============================================================
⏩ Market update already dispatched today (2026-08-20).
   Cron triggered, but skipping execution to prevent duplicate emails.
